// Jest Snapshot v1, https://goo.gl/fbAQLP

exports[`CopyToClipboard component Component match snapshot 1`] = `
<P
  Icon={
    Object {
      "$$typeof": Symbol(react.memo),
      "compare": null,
      "type": Object {
        "$$typeof": Symbol(react.forward_ref),
        "render": [Function],
      },
    }
  }
  className="container"
  label=""
  onClick={[Function]}
/>
`;
