// Jest Snapshot v1, https://goo.gl/fbAQLP

exports[`NavButtonLink component Component match snapshot 1`] = `
<Router
  history={
    Object {
      "action": "POP",
      "block": [Function],
      "createHref": [Function],
      "go": [Function],
      "goBack": [Function],
      "goForward": [Function],
      "listen": [Function],
      "location": Object {
        "hash": "",
        "pathname": "/",
        "search": "",
        "state": undefined,
      },
      "push": [Function],
      "replace": [Function],
    }
  }
  staticContext={Object {}}
>
  <NavButtonLink
    disabled={false}
    to="/home"
  />
</Router>
`;

exports[`ProjectNavigation component Component match snapshot 1`] = `
<div
  className="container opened"
  data-testid="navigationBar"
>
  <div
    className="top"
  >
    <NavElements
      isOpened={true}
    />
  </div>
  <div
    className="bottom"
  >
    <NavigationButton
      Icon={
        Object {
          "$$typeof": Symbol(react.memo),
          "compare": null,
          "type": Object {
            "$$typeof": Symbol(react.forward_ref),
            "render": [Function],
          },
        }
      }
      dataTestId="toggleSettings"
      label="Settings"
      onClick={[Function]}
    />
    <NavigationButton
      Icon={
        Object {
          "$$typeof": Symbol(react.memo),
          "compare": null,
          "type": Object {
            "$$typeof": Symbol(react.forward_ref),
            "render": [Function],
          },
        }
      }
      className=""
      dataTestId="toggleBar"
      label="Collapse"
      onClick={[Function]}
      title="Collapse"
    />
  </div>
</div>
`;
