// Jest Snapshot v1, https://goo.gl/fbAQLP

exports[`URL component should render without crashing 1`] = `
<div
  className="url"
  onClick={[Function]}
>
  foo
</div>
`;
